To honour the JVM settings for this build a single-use Daemon process will be forked. See https://docs.gradle.org/7.6.4/userguide/gradle_daemon.html#sec:disabling_the_daemon.
Daemon will be stopped at the end of the build 
WARNING:We recommend using a newer Android Gradle plugin to use compileSdk = 34

This Android Gradle plugin (7.4.2) was tested up to compileSdk = 33

This warning can be suppressed by adding
    android.suppressUnsupportedCompileSdk=34
to this project's gradle.properties

The build will continue, but you are strongly encouraged to update your project to
use a newer Android Gradle Plugin that has been tested with compileSdk = 34
> Task :app:preBuild UP-TO-DATE
> Task :app:preFdroidReleaseBuild UP-TO-DATE
> Task :app:mergeFdroidReleaseJniLibFolders UP-TO-DATE
> Task :app:mergeFdroidReleaseNativeLibs NO-SOURCE
> Task :app:stripFdroidReleaseDebugSymbols NO-SOURCE
> Task :app:extractFdroidReleaseNativeSymbolTables NO-SOURCE
> Task :app:writeFdroidReleaseApplicationId UP-TO-DATE
> Task :app:analyticsRecordingFdroidRelease
> Task :app:mergeFdroidReleaseNativeDebugMetadata NO-SOURCE
> Task :app:mergeFdroidReleaseArtProfile UP-TO-DATE
> Task :app:checkFdroidReleaseDuplicateClasses UP-TO-DATE
> Task :app:extractProguardFiles UP-TO-DATE
> Task :app:buildKotlinToolingMetadata UP-TO-DATE
> Task :app:compileFdroidReleaseAidl NO-SOURCE
> Task :app:checkKotlinGradlePluginConfigurationErrors
> Task :app:compileFdroidReleaseRenderscript NO-SOURCE
> Task :app:dataBindingMergeDependencyArtifactsFdroidRelease UP-TO-DATE
> Task :app:generateFdroidReleaseResValues UP-TO-DATE
> Task :app:generateFdroidReleaseResources UP-TO-DATE
> Task :app:mergeFdroidReleaseResources UP-TO-DATE
> Task :app:dataBindingGenBaseClassesFdroidRelease UP-TO-DATE
> Task :app:generateFdroidReleaseBuildConfig UP-TO-DATE
> Task :app:greendaoPrepare UP-TO-DATE
> Task :app:greendao UP-TO-DATE
> Task :app:checkFdroidReleaseAarMetadata UP-TO-DATE
> Task :app:mapFdroidReleaseSourceSetPaths UP-TO-DATE
> Task :app:createFdroidReleaseCompatibleScreenManifests UP-TO-DATE
> Task :app:extractDeepLinksFdroidRelease UP-TO-DATE
> Task :app:processFdroidReleaseMainManifest UP-TO-DATE
> Task :app:processFdroidReleaseManifest UP-TO-DATE
> Task :app:processFdroidReleaseManifestForPackage UP-TO-DATE
> Task :app:processFdroidReleaseResources UP-TO-DATE
> Task :app:kaptGenerateStubsFdroidReleaseKotlin UP-TO-DATE
> Task :app:kaptFdroidReleaseKotlin UP-TO-DATE
> Task :app:compileFdroidReleaseKotlin UP-TO-DATE
> Task :app:javaPreCompileFdroidRelease UP-TO-DATE

> Task :app:compileFdroidReleaseJavaWithJavac
gradlew.bat : D:\Documents\geoweather\app\src\main\java\wangdaye\com\geometricweather\db\DatabaseOpenHelper.java:6: 错误:
 程序包com.github.yuweiguocn.library.greendao不存在
所在位置 行:1 字符: 217
+ ... 0-hotspot"; & "D:\Documents\geoweather\gradlew.bat" assembleFdroidRel ...
+                 ~~~~~~~~~~~~~~~~~~~~~~~~~~~~~~~~~~~~~~~~~~~~~~~~~~~~~~~~~
    + CategoryInfo          : NotSpecified: (D:\Documents\ge...ary.greendao不存在:String) [], RemoteException
    + FullyQualifiedErrorId : NativeCommandError
 
import com.github.yuweiguocn.library.greendao.MigrationHelper;
                                             ^
D:\Documents\geoweather\app\src\main\java\wangdaye\com\geometricweather\settings\utils\DonateHelper.java:3: 错误: 程序包andr
oid.didikee.donate不存在
import android.didikee.donate.AlipayDonate;
                             ^
D:\Documents\geoweather\app\src\main\java\wangdaye\com\geometricweather\settings\utils\DonateHelper.java:4: 错误: 程序包andr
oid.didikee.donate不存在
import android.didikee.donate.WeiXinDonate;
                             ^
D:\Documents\geoweather\app\src\main\java\wangdaye\com\geometricweather\db\DatabaseOpenHelper.java:31: 错误: 程序包Migration
Helper不存在
                    new MigrationHelper.ReCreateAllTableListener() {
                                       ^
D:\Documents\geoweather\app\src\main\java\wangdaye\com\geometricweather\db\DatabaseOpenHelper.java:32: 错误: 方法不会覆盖或实现超类型
的方法
                        @Override
                        ^
D:\Documents\geoweather\app\src\main\java\wangdaye\com\geometricweather\db\DatabaseOpenHelper.java:37: 错误: 方法不会覆盖或实现超类型
的方法
                        @Override
                        ^
D:\Documents\geoweather\app\src\main\java\wangdaye\com\geometricweather\db\DatabaseOpenHelper.java:29: 错误: 找不到符号
            MigrationHelper.migrate(
            ^
  符号:   变量 MigrationHelper
  位置: 类 DatabaseOpenHelper
D:\Documents\geoweather\app\src\main\java\wangdaye\com\geometricweather\settings\utils\DonateHelper.java:13: 错误: 找不到符号
        if (AlipayDonate.hasInstalledAlipayClient(activity)) {
            ^
  符号:   变量 AlipayDonate
  位置: 类 DonateHelper
D:\Documents\geoweather\app\src\main\java\wangdaye\com\geometricweather\settings\utils\DonateHelper.java:14: 错误: 找不到符号
            AlipayDonate.startAlipayClient(activity, "fkx02882gqdh6imokjddj2a");
            ^
  符号:   变量 AlipayDonate
  位置: 类 DonateHelper
D:\Documents\geoweather\app\src\main\java\wangdaye\com\geometricweather\settings\utils\DonateHelper.java:21: 错误: 找不到符号
        if (WeiXinDonate.hasInstalledWeiXinClient(activity)) {
            ^
  符号:   变量 WeiXinDonate
  位置: 类 DonateHelper
注: 某些输入文件使用或覆盖了已过时的 API。
注: 有关详细信息, 请使用 -Xlint:deprecation 重新编译。
注: 某些输入文件使用了未经检查或不安全的操作。
注: 有关详细信息, 请使用 -Xlint:unchecked 重新编译。
10 个错误

> Task :app:compileFdroidReleaseJavaWithJavac FAILED

FAILURE: Build failed with an exception.

* What went wrong:
Execution failed for task ':app:compileFdroidReleaseJavaWithJavac'.
> Compilation failed; see the compiler error output for details.

* Try:
> Run with --stacktrace option to get the stack trace.
> Run with --info or --debug option to get more log output.
> Run with --scan to get full insights.

* Get more help at https://help.gradle.org

Deprecated Gradle features were used in this build, making it incompatible with Gradle 8.0.

You can use '--warning-mode all' to show the individual deprecation warnings and determine if they come from your own scripts or plugins.

See https://docs.gradle.org/7.6.4/userguide/command_line_interface.html#sec:command_line_warnings

BUILD FAILED in 29s
28 actionable tasks: 3 executed, 25 up-to-date
